Microchip MPLAB XC8 Compiler V3.10

Linker command line:

-W-3 --edf=c:\PROGRA~1\MICROC~1\xc8\v3.10\pic\dat\20250813170317_en.msgs \
  -cn \
  -h+E:\Mis Proyectos\PCBA_desarrollo_V_2_0\PCBA_desarrollo_V_2_0\out\PCBA_desarrollo_V_2_0\default.sym \
  --cmf=E:\Mis Proyectos\PCBA_desarrollo_V_2_0\PCBA_desarrollo_V_2_0\out\PCBA_desarrollo_V_2_0\default.cmf \
  -z -Q18F2550 \
  -oC:\Users\HERMES~1\AppData\Local\Temp\xcAsaws.0\driver_tmp_3.o \
  --defsym=__MPLAB_BUILD=1 --fixupoverflow=error -Mmem.map \
  --md=C:\Users\HERMES~1\AppData\Local\Temp\xcAsaws.0\driver_tmp_0.dat -E1 \
  -ver=XC8 Compiler -ACODE=00h-07FFFh -ACONST=00h-07FFFh \
  -ASMALLCONST=0800h-08FFhx120 -AMEDIUMCONST=0800h-07FFFh -ACOMRAM=01h-05Fh \
  -AABS1=00h-07FFh -ABIGRAM=01h-07FFh -ARAM=060h-0FFh,0100h-01FFhx7 \
  -ABANK0=060h-0FFh -ABANK1=0100h-01FFh -ABANK2=0200h-02FFh \
  -ABANK3=0300h-03FFh -ABANK4=0400h-04FFh -ABANK5=0500h-05FFh \
  -ABANK6=0600h-06FFh -ABANK7=0700h-07FFh -ASFR=0F60h-0FFFh \
  -ABIGSFR=0F60h-0FFFh -ACONFIG=0300000h-030000Dh -AIDLOC=0200000h-0200007h \
  -AEEDATA=0F00000h-0F000FFh -peeprom_data=EEDATA \
  -preset_vec=00h,intcode=8h,intcodelo=18h,sivt_lo,sivt_hi=CODE \
  -ppowerup=CODE,init -pramtop=0800h -psmallconst=SMALLCONST \
  -pmediumconst=MEDIUMCONST -pconst=CONST -AFARRAM=00h-00h \
  -prdata=COMRAM,nvrram=COMRAM,nvbit=COMRAM,rbss=COMRAM,rbit=COMRAM \
  -pfarbss=FARRAM,fardata=FARRAM,nvFARRAM=FARRAM \
  -pintsave_regs=BIGRAM,bigbss=BIGRAM,bigdata=BIGRAM -pbss=RAM \
  -pidata=CODE,irdata=CODE,ibigdata=CODE,ifardata=CODE -prparam=COMRAM \
  C:\Users\HERMES~1\AppData\Local\Temp\xcAsaws.0\driver_tmp_9.o \
  E:\Mis Proyectos\PCBA_desarrollo_V_2_0\PCBA_desarrollo_V_2_0\out\PCBA_desarrollo_V_2_0\default.o 

Object code version is 3.11

Machine type is 18F2550



                Name                               Link     Load   Length Selector   Space Scale
C:\Users\HERMES~1\AppData\Local\Temp\xcAsaws.0\driver_tmp_9.o
                idloc                            200000   200000        8        0       5
                config                           300000   300000        E        0       4
                init                               7FFC     7FFC        4     3FFE       0
                reset_vec                             0        0        4        0       0
E:\Mis Proyectos\PCBA_desarrollo_V_2_0\PCBA_desarrollo_V_2_0\out\PCBA_desarrollo_V_2_0\default.o
                idloc                            200000   200000        8        0       5
                config                           300000   300000        E        0       4
                mediumconst                        7D1A     7D1A      2E2     3E8D       0
                text12                             7AF0     7AF0       22     3D78       0
                text11                             7A5C     7A5C       14     3D2E       0
                text10                             7B34     7B34       26     3D9A       0
                text9                              7A70     7A70       16     3D38       0
                text8                              7A86     7A86       16     3D43       0
                text7                              7B82     7B82       2C     3DC1       0
                text6                              7AB4     7AB4       1E     3D5A       0
                text5                              7AD2     7AD2       1E     3D69       0
                text4                              7BAE     7BAE       44     3DD7       0
                text3                              7C56     7C56       C4     3E2B       0
                text2                              7B5A     7B5A       28     3DAD       0
                text1                              7A9C     7A9C       18     3D4E       0
                text0                              7BF2     7BF2       64     3DF9       0
                cstackCOMRAM                         4B       4B        5        1       1
                bssBANK0                             60       60       64       60       1
                bssCOMRAM                             1        1       4A        1       1
                cinit                              7B12     7B12       22     3D89       0

TOTAL           Name                               Link     Load   Length     Space
        CLASS   CODE           
                init                               7FFC     7FFC        4         0
                reset_vec                             0        0        4         0
                text12                             7AF0     7AF0       22         0
                text11                             7A5C     7A5C       14         0
                text10                             7B34     7B34       26         0
                text9                              7A70     7A70       16         0
                text8                              7A86     7A86       16         0
                text7                              7B82     7B82       2C         0
                text6                              7AB4     7AB4       1E         0
                text5                              7AD2     7AD2       1E         0
                text4                              7BAE     7BAE       44         0
                text3                              7C56     7C56       C4         0
                text2                              7B5A     7B5A       28         0
                text1                              7A9C     7A9C       18         0
                text0                              7BF2     7BF2       64         0
                cinit                              7B12     7B12       22         0

        CLASS   CONST          

        CLASS   SMALLCONST     

        CLASS   MEDIUMCONST    
                mediumconst                        7D1A     7D1A      2E2         0

        CLASS   COMRAM         
                cstackCOMRAM                         4B       4B        5         1
                bssCOMRAM                             1        1       4A         1

        CLASS   ABS1           

        CLASS   BIGRAM         

        CLASS   RAM            

        CLASS   BANK0          
                bssBANK0                             60       60       64         1

        CLASS   BANK1          

        CLASS   BANK2          

        CLASS   BANK3          

        CLASS   BANK4          

        CLASS   BANK5          

        CLASS   BANK6          

        CLASS   BANK7          

        CLASS   SFR            

        CLASS   BIGSFR         

        CLASS   CONFIG         
                config                           300000   300000        E         4

        CLASS   IDLOC          
                idloc                            200000   200000        8         5

        CLASS   EEDATA         

        CLASS   FARRAM         

        CLASS   HEAP           

        CLASS   STACK          



SEGMENTS        Name                           Load    Length   Top    Selector   Space  Class

                reset_vec                      000000  000004  000004         0       0  CODE    
                bssCOMRAM                      000001  00004F  000050         1       1  COMRAM  
                bssBANK0                       000060  000064  0000C4        60       1  BANK0   
                text11                         007A5C  000014  007A70      3D2E       0  CODE    
                text9                          007A70  000016  007A86      3D38       0  CODE    
                text8                          007A86  000016  007A9C      3D43       0  CODE    
                text1                          007A9C  000018  007AB4      3D4E       0  CODE    
                text6                          007AB4  00001E  007AD2      3D5A       0  CODE    
                text5                          007AD2  00001E  007AF0      3D69       0  CODE    
                text12                         007AF0  000022  007B12      3D78       0  CODE    
                cinit                          007B12  000022  007B34      3D89       0  CODE    
                text10                         007B34  000026  007B5A      3D9A       0  CODE    
                text2                          007B5A  000028  007B82      3DAD       0  CODE    
                text7                          007B82  00002C  007BAE      3DC1       0  CODE    
                text4                          007BAE  000044  007BF2      3DD7       0  CODE    
                text0                          007BF2  000064  007C56      3DF9       0  CODE    
                text3                          007C56  0000C4  007D1A      3E2B       0  CODE    
                mediumconst                    007D1A  0002E2  007FFC      3E8D       0  MEDIUMCO
                init                           007FFC  000004  008000      3FFE       0  CODE    


UNUSED ADDRESS RANGES

        Name                Unused          Largest block    Delta
        BANK0            0000C4-0000FF               3C
        BANK1            000100-0001FF              100
        BANK2            000200-0002FF              100
        BANK3            000300-0003FF              100
        BANK4            000400-0004FF              100
        BANK5            000500-0005FF              100
        BANK6            000600-0006FF              100
        BANK7            000700-0007FF              100
        BIGRAM           000050-00005F               10
                         0000C4-0007FF              73C
        BIGSFR           000F60-000FFF               A0
        CODE             000004-007A5B             7A58
        COMRAM           000050-00005F               10
        CONST            000004-007A5B             7A58
        EEDATA           F00000-F000FF              100
        MEDIUMCONST      000800-007A5B             725C
        RAM              0000C4-0007FF              100
        SFR              000F60-000FFF               A0
        SMALLCONST       000800-007A5B              100

                                  Symbol Table

I2C_Write_@direccion       cstackCOMRAM 00004C
OLED_Clear@col             cstackCOMRAM 00004E
OLED_Clear@page            cstackCOMRAM 00004F
OLED_Command@comando       cstackCOMRAM 00004D
OLED_Data@data             cstackCOMRAM 00004D
_ADCON0bits                (abs)        000FC2
_ADCON1bits                (abs)        000FC1
_ADCON2bits                (abs)        000FC0
_ADC_Configuracion         text12       007AF0
_ADRESH                    (abs)        000FC4
_ADRESL                    (abs)        000FC3
_BAUDCONbits               (abs)        000FB8
_CCP1CONbits               (abs)        000FBD
_CCP2CONbits               (abs)        000FBA
_CCPR1L                    (abs)        000FBE
_CCPR2L                    (abs)        000FBB
_CMCON                     (abs)        000FB4
_DATOADCH                  bssCOMRAM    00000F
_DATOADCH_PWM_AN1          bssCOMRAM    00002D
_DATOADCH_PWM_AN3          bssCOMRAM    000029
_DATOADCL_PWM2_AN1         bssCOMRAM    00003B
_DATOADCL_PWM2_AN3         bssCOMRAM    000038
_DATOADCL_PWM3_AN1         bssCOMRAM    00003A
_DATOADCL_PWM3_AN3         bssCOMRAM    000037
_DATOADCL_PWM_AN1          bssCOMRAM    00002F
_DATOADCL_PWM_AN3          bssCOMRAM    00002B
_DATOADC_PWM_AN1           bssCOMRAM    000039
_DATOADC_PWM_AN3           bssCOMRAM    000035
_DATOADC_PWM_AN_T          bssCOMRAM    00003D
_DATOADC_PWM_AN_T2         bssCOMRAM    00003C
_DATO_I2C_8bits            bssCOMRAM    00004A
_DATO_READ_8b_1            bssCOMRAM    00001B
_DATO_READ_8b_2            bssCOMRAM    00001F
_DATO_READ_8b_3            bssCOMRAM    000023
_I2CDATOLSB                bssCOMRAM    000017
_I2CDATOMSB                bssCOMRAM    000013
_I2C_Check                 text10       007B34
_I2C_Initialize            text11       007A5C
_I2C_Start                 text9        007A70
_I2C_Stop                  text8        007A86
_I2C_Write_                text7        007B82
_INTCON2bits               (abs)        000FF1
_INTCON3                   (abs)        000FF0
_INTCONbits                (abs)        000FF2
_IPR1                      (abs)        000F9F
_IPR2                      (abs)        000FA2
_LATA                      (abs)        000F89
_LATB                      (abs)        000F8A
_LATC                      (abs)        000F8B
_OLED_Clear                text4        007BAE
_OLED_Command              text6        007AB4
_OLED_Data                 text5        007AD2
_OLED_Init                 text3        007C56
_PIE2bits                  (abs)        000FA0
_PIR1bits                  (abs)        000F9E
_PR2                       (abs)        000FCB
_PWM_Inicializar           text2        007B5A
_RCREG                     (abs)        000FAE
_RCSTAbits                 (abs)        000FAB
_RXDATO                    bssCOMRAM    000031
_SPBRG                     (abs)        000FAF
_SPBRGH                    (abs)        000FB0
_SSPADD                    (abs)        000FC8
_SSPBUF                    (abs)        000FC9
_SSPCON1                   (abs)        000FC6
_SSPCON2                   (abs)        000FC5
_SSPCON2bits               (abs)        000FC5
_SSPSTAT                   (abs)        000FC7
_SSPSTATbits               (abs)        000FC7
_T0CONbits                 (abs)        000FD5
_T2CONbits                 (abs)        000FCA
_TMR0H                     (abs)        000FD7
_TMR0L                     (abs)        000FD6
_TRISA                     (abs)        000F92
_TRISB                     (abs)        000F93
_TRISBbits                 (abs)        000F93
_TRISC                     (abs)        000F94
_TRISCbits                 (abs)        000F94
_TRMT                      (abs)        007D61
_TXREG                     (abs)        000FAD
_TXSTAbits                 (abs)        000FAC
_Uart_Init                 text1        007A9C
__HRAM                     (abs)        000000
__H__absolute__            __absolute__ 000000
__Habs1                    abs1         000000
__Hbank0                   bank0        000000
__Hbank1                   bank1        000000
__Hbank2                   bank2        000000
__Hbank3                   bank3        000000
__Hbank4                   bank4        000000
__Hbank5                   bank5        000000
__Hbank6                   bank6        000000
__Hbank7                   bank7        000000
__Hbigbss                  bigbss       000000
__Hbigdata                 bigdata      000000
__Hbigram                  bigram       000000
__Hbigsfr                  bigsfr       000000
__Hbss                     bss          000000
__HbssBANK0                bssBANK0     000000
__HbssCOMRAM               bssCOMRAM    000000
__Hcinit                   cinit        000000
__Hclrtext                 clrtext      000000
__Hcomram                  comram       000000
__Hconfig                  config       30000E
__Hconst                   const        000000
__HcstackCOMRAM            cstackCOMRAM 000000
__Hdata                    data         000000
__Heeprom_data             eeprom_data  000000
__Hfarbss                  farbss       000000
__Hfardata                 fardata      000000
__Hheap                    heap         000000
__Hibigdata                ibigdata     000000
__Hidata                   idata        000000
__Hidloc                   idloc        200008
__Hifardata                ifardata     000000
__Hinit                    init         008000
__Hintcode                 intcode      000008
__Hintcode_body            intcode_body 000000
__Hintcodelo               intcodelo    000018
__Hintentry                intentry     000000
__Hintret                  intret       000000
__Hintsave_regs            intsave_regs 000000
__Hirdata                  irdata       000000
__Hmediumconst             mediumconst  007FFC
__HnvFARRAM                nvFARRAM     000000
__Hnvbit                   nvbit        000000
__Hnvrram                  nvrram       000000
__Hparam                   rparam       000000
__Hpowerup                 powerup      000000
__Hram                     ram          000000
__Hramtop                  ramtop       000800
__Hrbit                    rbit         000000
__Hrbss                    rbss         000000
__Hrdata                   rdata        000000
__Hreset_vec               reset_vec    000004
__Hrparam                  rparam       000000
__Hsfr                     sfr          000000
__Hsivt_hi                 sivt_hi      000000
__Hsivt_lo                 sivt_lo      000018
__Hsmallconst              smallconst   000000
__Hspace_0                 (abs)        008000
__Hspace_1                 (abs)        0000C4
__Hspace_2                 (abs)        000000
__Hspace_4                 (abs)        60000E
__Hstack                   stack        000000
__Hstruct                  struct       000000
__Htemp                    temp         000000
__Htext                    text         000000
__Htext0                   text0        000000
__Htext1                   text1        000000
__Htext10                  text10       000000
__Htext11                  text11       000000
__Htext12                  text12       000000
__Htext2                   text2        000000
__Htext3                   text3        000000
__Htext4                   text4        000000
__Htext5                   text5        000000
__Htext6                   text6        000000
__Htext7                   text7        000000
__Htext8                   text8        000000
__Htext9                   text9        000000
__LRAM                     (abs)        000001
__L__absolute__            __absolute__ 000000
__Labs1                    abs1         000000
__Lbank0                   bank0        000000
__Lbank1                   bank1        000000
__Lbank2                   bank2        000000
__Lbank3                   bank3        000000
__Lbank4                   bank4        000000
__Lbank5                   bank5        000000
__Lbank6                   bank6        000000
__Lbank7                   bank7        000000
__Lbigbss                  bigbss       000000
__Lbigdata                 bigdata      000000
__Lbigram                  bigram       000000
__Lbigsfr                  bigsfr       000000
__Lbss                     bss          000000
__LbssBANK0                bssBANK0     000000
__LbssCOMRAM               bssCOMRAM    000000
__Lcinit                   cinit        000000
__Lclrtext                 clrtext      000000
__Lcomram                  comram       000000
__Lconfig                  config       000000
__Lconst                   const        000000
__LcstackCOMRAM            cstackCOMRAM 000000
__Ldata                    data         000000
__Leeprom_data             eeprom_data  000000
__Lfarbss                  farbss       000000
__Lfardata                 fardata      000000
__Lheap                    heap         000000
__Libigdata                ibigdata     000000
__Lidata                   idata        000000
__Lidloc                   idloc        000000
__Lifardata                ifardata     000000
__Linit                    init         007FFC
__Lintcode                 intcode      000008
__Lintcode_body            intcode_body 000000
__Lintcodelo               intcodelo    000018
__Lintentry                intentry     000000
__Lintret                  intret       000000
__Lintsave_regs            intsave_regs 000000
__Lirdata                  irdata       000000
__Lmediumconst             mediumconst  007D1A
__LnvFARRAM                nvFARRAM     000000
__Lnvbit                   nvbit        000000
__Lnvrram                  nvrram       000000
__Lparam                   rparam       000000
__Lpowerup                 powerup      000000
__Lram                     ram          000000
__Lramtop                  ramtop       000800
__Lrbit                    rbit         000000
__Lrbss                    rbss         000000
__Lrdata                   rdata        000000
__Lreset_vec               reset_vec    000000
__Lrparam                  rparam       000000
__Lsfr                     sfr          000000
__Lsivt_hi                 sivt_hi      000000
__Lsivt_lo                 sivt_lo      000018
__Lsmallconst              smallconst   000000
__Lspace_0                 (abs)        000000
__Lspace_1                 (abs)        000000
__Lspace_2                 (abs)        000000
__Lspace_4                 (abs)        000000
__Lstack                   stack        000000
__Lstruct                  struct       000000
__Ltemp                    temp         000000
__Ltext                    text         000000
__Ltext0                   text0        000000
__Ltext1                   text1        000000
__Ltext10                  text10       000000
__Ltext11                  text11       000000
__Ltext12                  text12       000000
__Ltext2                   text2        000000
__Ltext3                   text3        000000
__Ltext4                   text4        000000
__Ltext5                   text5        000000
__Ltext6                   text6        000000
__Ltext7                   text7        000000
__Ltext8                   text8        000000
__Ltext9                   text9        000000
__S0                       (abs)        008000
__S1                       (abs)        0000C4
__S4                       (abs)        000000
__S5                       (abs)        000000
___heap_hi                 (abs)        000000
___heap_lo                 (abs)        000000
___inthi_sp                stack        000000
___inthi_stack_hi          stack        000000
___inthi_stack_lo          stack        000000
___intlo_sp                stack        000000
___intlo_stack_hi          stack        000000
___intlo_stack_lo          stack        000000
___param_bank              (abs)        000000
___rparam_used             (abs)        000001
___sp                      stack        000000
___stack_hi                stack        000000
___stack_lo                stack        000000
__accesstop                (abs)        000060
__activetblptr             (abs)        000002
__end_of_ADC_Configuracion text12       007B12
__end_of_I2C_Check         text10       007B5A
__end_of_I2C_Initialize    text11       007A70
__end_of_I2C_Start         text9        007A86
__end_of_I2C_Stop          text8        007A9C
__end_of_I2C_Write_        text7        007BAE
__end_of_OLED_Clear        text4        007BF2
__end_of_OLED_Command      text6        007AD2
__end_of_OLED_Data         text5        007AF0
__end_of_OLED_Init         text3        007D1A
__end_of_PWM_Inicializar   text2        007B82
__end_of_Uart_Init         text1        007AB4
__end_of__initialization   cinit        007B2A
__end_of_font5x8           mediumconst  007EFB
__end_of_main              text0        007C56
__end_of_sine_table        mediumconst  007FFB
__initialization           cinit        007B12
__mediumconst              mediumconst  007D1A
__pbssBANK0                bssBANK0     000060
__pbssCOMRAM               bssCOMRAM    000001
__pcinit                   cinit        007B12
__pcstackCOMRAM            cstackCOMRAM 00004B
__pmediumconst             mediumconst  007D1A
__ptext0                   text0        007BF2
__ptext1                   text1        007A9C
__ptext10                  text10       007B34
__ptext11                  text11       007A5C
__ptext12                  text12       007AF0
__ptext2                   text2        007B5A
__ptext3                   text3        007C56
__ptext4                   text4        007BAE
__ptext5                   text5        007AD2
__ptext6                   text6        007AB4
__ptext7                   text7        007B82
__ptext8                   text8        007A86
__ptext9                   text9        007A70
__ramtop                   ramtop       000800
__smallconst               mediumconst  007D1A
_ack                       bssCOMRAM    000041
_buffer_rx                 bssBANK0     0000B0
_buffer_rx_v               bssBANK0     000060
_byte_0                    bssCOMRAM    000042
_byte_1                    bssCOMRAM    000043
_byte_2                    bssCOMRAM    000044
_byte_3                    bssCOMRAM    000045
_byte_3_h                  bssCOMRAM    00003E
_byte_3_t                  bssCOMRAM    00003F
_byte_4                    bssCOMRAM    000046
_byte_5                    bssCOMRAM    000047
_byte_6                    bssCOMRAM    000048
_dato_adc                  bssCOMRAM    000027
_dato_adc_l                bssCOMRAM    000036
_dato_adc_mv               bssCOMRAM    00000B
_datoadc                   bssCOMRAM    000007
_enable_w                  bssCOMRAM    000040
_font5x8                   mediumconst  007D1B
_hay_cadena                bssCOMRAM    000032
_i                         bssCOMRAM    000034
_index_rx                  bssCOMRAM    000033
_main                      text0        007BF2
_re                        bssCOMRAM    000049
_read_datos                bssCOMRAM    000001
_sine_table                mediumconst  007EFB
end_of_initialization      cinit        007B2A
intlevel0                  text         000000
intlevel1                  text         000000
intlevel2                  text         000000
intlevel3                  text         000000
isa$std                    (abs)        000001
isa$xinst                  (abs)        000000
stackhi                    (abs)        000000
stacklo                    (abs)        000000
start                      init         007FFC
start_initialization       cinit        007B12


MODULE INFORMATION

Module		Function		Class		Link	Load	Size
E:\Mis Proyectos\PCBA_desarrollo_V_2_0\PCBA_desarrollo_V_2_0\drivers\PWM.c
		_PWM_Inicializar		CODE           	7B5A	0000	40

E:\Mis Proyectos\PCBA_desarrollo_V_2_0\PCBA_desarrollo_V_2_0\drivers\PWM.c estimated size: 40

E:\Mis Proyectos\PCBA_desarrollo_V_2_0\PCBA_desarrollo_V_2_0\drivers\ADC.c
		_ADC_Configuracion		CODE           	7AF0	0000	34

E:\Mis Proyectos\PCBA_desarrollo_V_2_0\PCBA_desarrollo_V_2_0\drivers\ADC.c estimated size: 34

E:\Mis Proyectos\PCBA_desarrollo_V_2_0\PCBA_desarrollo_V_2_0\Display\OLED.c
		_OLED_Clear    		CODE           	7BAE	0000	68
		_OLED_Command  		CODE           	7AB4	0000	30
		_OLED_Init     		CODE           	7C56	0000	196
		_OLED_Data     		CODE           	7AD2	0000	30

E:\Mis Proyectos\PCBA_desarrollo_V_2_0\PCBA_desarrollo_V_2_0\Display\OLED.c estimated size: 324

E:\Mis Proyectos\PCBA_desarrollo_V_2_0\PCBA_desarrollo_V_2_0\drivers\UART.c
		_Uart_Init     		CODE           	7A9C	0000	24

E:\Mis Proyectos\PCBA_desarrollo_V_2_0\PCBA_desarrollo_V_2_0\drivers\UART.c estimated size: 24

shared
		_font5x8       		MEDIUMCONST    	7D1B	0000	480
		__initialization		CODE           	7B12	0000	24
		_sine_table    		MEDIUMCONST    	7EFB	0000	256

shared estimated size: 760

E:\Mis Proyectos\PCBA_desarrollo_V_2_0\PCBA_desarrollo_V_2_0\drivers\I2C.c
		_I2C_Write_    		CODE           	7B82	0000	44
		_I2C_Stop      		CODE           	7A86	0000	22
		_I2C_Check     		CODE           	7B34	0000	38
		_I2C_Initialize		CODE           	7A5C	0000	20
		_I2C_Start     		CODE           	7A70	0000	22

E:\Mis Proyectos\PCBA_desarrollo_V_2_0\PCBA_desarrollo_V_2_0\drivers\I2C.c estimated size: 146

E:\Mis Proyectos\PCBA_desarrollo_V_2_0\PCBA_desarrollo_V_2_0\main.c
		_main          		CODE           	7BF2	0000	100

E:\Mis Proyectos\PCBA_desarrollo_V_2_0\PCBA_desarrollo_V_2_0\main.c estimated size: 100

