Microchip MPLAB XC8 Compiler V3.10

Linker command line:

-W-3 --edf=c:\PROGRA~1\MICROC~1\xc8\v3.10\pic\dat\20250813170317_en.msgs \
  -cn \
  -h+E:\Mis Proyectos\PCBA_desarrollo_V_2_0\PCBA_desarrollo_V_2_0\out\PCBA_desarrollo_V_2_0\production\default-production.sym \
  --cmf=E:\Mis Proyectos\PCBA_desarrollo_V_2_0\PCBA_desarrollo_V_2_0\out\PCBA_desarrollo_V_2_0\production\default-production.cmf \
  -z -Q18F2550 \
  -oC:\Users\HERMES~1\AppData\Local\Temp\xcCs9b4.2\driver_tmp_3.o \
  --defsym=__MPLAB_BUILD=1 --fixupoverflow=error -Mmem.map \
  --md=C:\Users\HERMES~1\AppData\Local\Temp\xcCs9b4.2\driver_tmp_0.dat -E1 \
  -ver=XC8 Compiler -ACODE=00h-07FFFh -ACONST=00h-07FFFh \
  -ASMALLCONST=0800h-08FFhx120 -AMEDIUMCONST=0800h-07FFFh -ACOMRAM=01h-05Fh \
  -AABS1=00h-07FFh -ABIGRAM=01h-07FFh -ARAM=060h-0FFh,0100h-01FFhx7 \
  -ABANK0=060h-0FFh -ABANK1=0100h-01FFh -ABANK2=0200h-02FFh \
  -ABANK3=0300h-03FFh -ABANK4=0400h-04FFh -ABANK5=0500h-05FFh \
  -ABANK6=0600h-06FFh -ABANK7=0700h-07FFh -ASFR=0F60h-0FFFh \
  -ABIGSFR=0F60h-0FFFh -ACONFIG=0300000h-030000Dh -AIDLOC=0200000h-0200007h \
  -AEEDATA=0F00000h-0F000FFh -peeprom_data=EEDATA \
  -preset_vec=00h,intcode=8h,intcodelo=18h,sivt_lo,sivt_hi=CODE \
  -ppowerup=CODE,init -pramtop=0800h -psmallconst=SMALLCONST \
  -pmediumconst=MEDIUMCONST -pconst=CONST -AFARRAM=00h-00h \
  -prdata=COMRAM,nvrram=COMRAM,nvbit=COMRAM,rbss=COMRAM,rbit=COMRAM \
  -pfarbss=FARRAM,fardata=FARRAM,nvFARRAM=FARRAM \
  -pintsave_regs=BIGRAM,bigbss=BIGRAM,bigdata=BIGRAM -pbss=RAM \
  -pidata=CODE,irdata=CODE,ibigdata=CODE,ifardata=CODE -prparam=COMRAM \
  C:\Users\HERMES~1\AppData\Local\Temp\xcCs9b4.2\driver_tmp_9.o \
  E:\Mis Proyectos\PCBA_desarrollo_V_2_0\PCBA_desarrollo_V_2_0\out\PCBA_desarrollo_V_2_0\production\default-production.o 

Object code version is 3.11

Machine type is 18F2550



                Name                               Link     Load   Length Selector   Space Scale
C:\Users\HERMES~1\AppData\Local\Temp\xcCs9b4.2\driver_tmp_9.o
                idloc                            200000   200000        8        0       5
                config                           300000   300000        E        0       4
                init                               7FFC     7FFC        4     3FFE       0
                reset_vec                             0        0        4        0       0
E:\Mis Proyectos\PCBA_desarrollo_V_2_0\PCBA_desarrollo_V_2_0\out\PCBA_desarrollo_V_2_0\production\default-production.o
                idloc                            200000   200000        8        0       5
                config                           300000   300000        E        0       4
                mediumconst                        7D14     7D14      2E8     3E8A       0
                text15                             794A     794A       22     3CA5       0
                text14                             796C     796C       26     3CB6       0
                text13                             78CA     78CA       16     3C65       0
                text12                             78E0     78E0       16     3C70       0
                text11                             79BA     79BA       2C     3CDD       0
                text10                             7AD4     7AD4       64     3D6A       0
                text9                              7BA4     7BA4       AC     3DD2       0
                text8                              7A14     7A14       2E     3D0A       0
                text7                              78B6     78B6       14     3C5B       0
                text6                              790E     790E       1E     3C87       0
                text5                              792C     792C       1E     3C96       0
                text4                              7A42     7A42       44     3D21       0
                text3                              7C50     7C50       C4     3E28       0
                text2                              7992     7992       28     3CC9       0
                text1                              78F6     78F6       18     3C7B       0
                text0                              7B38     7B38       6C     3D9C       0
                cstackCOMRAM                         5A       5A        5        1       1
                bssBANK1                            100      100       50      100       1
                dataBANK0                            97       97       2D       60       1
                bssBANK0                             60       60       37       60       1
                bssCOMRAM                             1        1       59        1       1
                cinit                              7A86     7A86       4E     3D43       0
                idataBANK0                         79E7     79E7       2D     79E7       0

TOTAL           Name                               Link     Load   Length     Space
        CLASS   CODE           
                init                               7FFC     7FFC        4         0
                reset_vec                             0        0        4         0
                text15                             794A     794A       22         0
                text14                             796C     796C       26         0
                text13                             78CA     78CA       16         0
                text12                             78E0     78E0       16         0
                text11                             79BA     79BA       2C         0
                text10                             7AD4     7AD4       64         0
                text9                              7BA4     7BA4       AC         0
                text8                              7A14     7A14       2E         0
                text7                              78B6     78B6       14         0
                text6                              790E     790E       1E         0
                text5                              792C     792C       1E         0
                text4                              7A42     7A42       44         0
                text3                              7C50     7C50       C4         0
                text2                              7992     7992       28         0
                text1                              78F6     78F6       18         0
                text0                              7B38     7B38       6C         0
                cinit                              7A86     7A86       4E         0
                idataBANK0                         79E7     79E7       2D         0

        CLASS   CONST          

        CLASS   SMALLCONST     

        CLASS   MEDIUMCONST    
                mediumconst                        7D14     7D14      2E8         0

        CLASS   COMRAM         
                cstackCOMRAM                         5A       5A        5         1
                bssCOMRAM                             1        1       59         1

        CLASS   ABS1           

        CLASS   BIGRAM         

        CLASS   RAM            

        CLASS   BANK0          
                dataBANK0                            97       97       2D         1
                bssBANK0                             60       60       37         1

        CLASS   BANK1          
                bssBANK1                            100      100       50         1

        CLASS   BANK2          

        CLASS   BANK3          

        CLASS   BANK4          

        CLASS   BANK5          

        CLASS   BANK6          

        CLASS   BANK7          

        CLASS   SFR            

        CLASS   BIGSFR         

        CLASS   CONFIG         
                config                           300000   300000        E         4

        CLASS   IDLOC          
                idloc                            200000   200000        8         5

        CLASS   EEDATA         

        CLASS   FARRAM         

        CLASS   HEAP           

        CLASS   STACK          



SEGMENTS        Name                           Load    Length   Top    Selector   Space  Class

                reset_vec                      000000  000004  000004         0       0  CODE    
                bssCOMRAM                      000001  00005E  00005F         1       1  COMRAM  
                bssBANK0                       000060  000064  0000C4        60       1  BANK0   
                bssBANK1                       000100  000050  000150       100       1  BANK1   
                text7                          0078B6  000014  0078CA      3C5B       0  CODE    
                text13                         0078CA  000016  0078E0      3C65       0  CODE    
                text12                         0078E0  000016  0078F6      3C70       0  CODE    
                text1                          0078F6  000018  00790E      3C7B       0  CODE    
                text6                          00790E  00001E  00792C      3C87       0  CODE    
                text5                          00792C  00001E  00794A      3C96       0  CODE    
                text15                         00794A  000022  00796C      3CA5       0  CODE    
                text14                         00796C  000026  007992      3CB6       0  CODE    
                text2                          007992  000028  0079BA      3CC9       0  CODE    
                text11                         0079BA  00002C  0079E6      3CDD       0  CODE    
                idataBANK0                     0079E7  00002D  007A14      79E7       0  CODE    
                text8                          007A14  00002E  007A42      3D0A       0  CODE    
                text4                          007A42  000044  007A86      3D21       0  CODE    
                cinit                          007A86  00004E  007AD4      3D43       0  CODE    
                text10                         007AD4  000064  007B38      3D6A       0  CODE    
                text0                          007B38  00006C  007BA4      3D9C       0  CODE    
                text9                          007BA4  0000AC  007C50      3DD2       0  CODE    
                text3                          007C50  0000C4  007D14      3E28       0  CODE    
                mediumconst                    007D14  0002E8  007FFC      3E8A       0  MEDIUMCO
                init                           007FFC  000004  008000      3FFE       0  CODE    


UNUSED ADDRESS RANGES

        Name                Unused          Largest block    Delta
        BANK0            0000C4-0000FF               3C
        BANK1            000150-0001FF               B0
        BANK2            000200-0002FF              100
        BANK3            000300-0003FF              100
        BANK4            000400-0004FF              100
        BANK5            000500-0005FF              100
        BANK6            000600-0006FF              100
        BANK7            000700-0007FF              100
        BIGRAM           00005F-00005F                1
                         0000C4-0000FF               3C
                         000150-0007FF              6B0
        BIGSFR           000F60-000FFF               A0
        CODE             000004-0078B5             78B2
                         0079E6-0079E6                1
        COMRAM           00005F-00005F                1
        CONST            000004-0078B5             78B2
                         0079E6-0079E6                1
        EEDATA           F00000-F000FF              100
        MEDIUMCONST      000800-0078B5             70B6
                         0079E6-0079E6                1
        RAM              0000C4-0000FF               3C
                         000150-0007FF              100
        SFR              000F60-000FFF               A0
        SMALLCONST       000800-0078B5              100
                         0079E6-0079E6                1

                                  Symbol Table

CFG_DS1307@i               cstackCOMRAM 00005C
I2C_CFG_REG@address        cstackCOMRAM 00005E
I2C_CFG_REG@dataL          cstackCOMRAM 00005D
I2C_CFG_REG@dataM          cstackCOMRAM 00005C
I2C_CFG_REG@registro       cstackCOMRAM 00005B
I2C_Write_@direccion       cstackCOMRAM 00005B
OLED_Clear@col             cstackCOMRAM 00005D
OLED_Clear@page            cstackCOMRAM 00005E
OLED_Command@comando       cstackCOMRAM 00005C
OLED_Data@data             cstackCOMRAM 00005C
_ADCON0bits                (abs)        000FC2
_ADCON1bits                (abs)        000FC1
_ADCON2bits                (abs)        000FC0
_ADC_Configuracion         text15       00794A
_ADRESH                    (abs)        000FC4
_ADRESL                    (abs)        000FC3
_BAUDCONbits               (abs)        000FB8
_CCP1CONbits               (abs)        000FBD
_CCP2CONbits               (abs)        000FBA
_CCPR1L                    (abs)        000FBE
_CCPR2L                    (abs)        000FBB
_CFG_DS1307                text10       007AD4
_CFG_INA219_32V_3A         text8        007A14
_CMCON                     (abs)        000FB4
_DATOADCH                  bssBANK0     00008B
_DATOADCH_PWM_AN1          bssCOMRAM    000013
_DATOADCH_PWM_AN3          bssCOMRAM    00000F
_DATOADCL_PWM2_AN1         bssCOMRAM    000039
_DATOADCL_PWM2_AN3         bssCOMRAM    000036
_DATOADCL_PWM3_AN1         bssCOMRAM    000038
_DATOADCL_PWM3_AN3         bssCOMRAM    000035
_DATOADCL_PWM_AN1          bssCOMRAM    000015
_DATOADCL_PWM_AN3          bssCOMRAM    000011
_DATOADC_PWM_AN1           bssCOMRAM    000037
_DATOADC_PWM_AN3           bssCOMRAM    000033
_DATOADC_PWM_AN_T          bssCOMRAM    00003B
_DATOADC_PWM_AN_T2         bssCOMRAM    00003A
_DATO_I2C_8bits            bssCOMRAM    000055
_DATO_READ_8b_1            bssBANK0     00008F
_DATO_READ_8b_2            bssBANK0     000093
_DATO_READ_8b_3            bssCOMRAM    000009
_DEC_BCD_RESULTADO         bssCOMRAM    000046
_I2CDATOLSB                bssCOMRAM    000005
_I2CDATOMSB                bssCOMRAM    000001
_I2C_CFG_REG               text9        007BA4
_I2C_Check                 text14       00796C
_I2C_Initialize            text7        0078B6
_I2C_Start                 text13       0078CA
_I2C_Stop                  text12       0078E0
_I2C_Write_                text11       0079BA
_INTCON2bits               (abs)        000FF1
_INTCON3                   (abs)        000FF0
_INTCONbits                (abs)        000FF2
_IPR1                      (abs)        000F9F
_IPR2                      (abs)        000FA2
_LATA                      (abs)        000F89
_LATAbits                  (abs)        000F89
_LATB                      (abs)        000F8A
_LATC                      (abs)        000F8B
_OLED_Clear                text4        007A42
_OLED_Command              text6        00790E
_OLED_Data                 text5        00792C
_OLED_Init                 text3        007C50
_PIE2bits                  (abs)        000FA0
_PIR1bits                  (abs)        000F9E
_PORTBbits                 (abs)        000F81
_PORTCbits                 (abs)        000F82
_PR2                       (abs)        000FCB
_PWM_Inicializar           text2        007992
_RCREG                     (abs)        000FAE
_RCSTAbits                 (abs)        000FAB
_RESULTADOI_N              bssCOMRAM    000017
_RXDATO                    bssCOMRAM    00002F
_ResultadoINA              bssCOMRAM    000019
_ResultadoINA_A            bssCOMRAM    000021
_ResultadoINA_A_NEG        bssCOMRAM    00001F
_ResultadoINA_P            bssCOMRAM    00001B
_SPBRG                     (abs)        000FAF
_SPBRGH                    (abs)        000FB0
_SSPADD                    (abs)        000FC8
_SSPBUF                    (abs)        000FC9
_SSPCON1                   (abs)        000FC6
_SSPCON2                   (abs)        000FC5
_SSPCON2bits               (abs)        000FC5
_SSPSTAT                   (abs)        000FC7
_SSPSTATbits               (abs)        000FC7
_T0CONbits                 (abs)        000FD5
_T2CONbits                 (abs)        000FCA
_TMR0H                     (abs)        000FD7
_TMR0L                     (abs)        000FD6
_TRISA                     (abs)        000F92
_TRISAbits                 (abs)        000F92
_TRISB                     (abs)        000F93
_TRISBbits                 (abs)        000F93
_TRISC                     (abs)        000F94
_TRISCbits                 (abs)        000F94
_TRMT                      (abs)        007D61
_TXREG                     (abs)        000FAD
_TXSTAbits                 (abs)        000FAC
_Uart_Init                 text1        0078F6
__HRAM                     (abs)        000000
__H__absolute__            __absolute__ 000000
__Habs1                    abs1         000000
__Hbank0                   bank0        000000
__Hbank1                   bank1        000000
__Hbank2                   bank2        000000
__Hbank3                   bank3        000000
__Hbank4                   bank4        000000
__Hbank5                   bank5        000000
__Hbank6                   bank6        000000
__Hbank7                   bank7        000000
__Hbigbss                  bigbss       000000
__Hbigdata                 bigdata      000000
__Hbigram                  bigram       000000
__Hbigsfr                  bigsfr       000000
__Hbss                     bss          000000
__HbssBANK0                bssBANK0     000000
__HbssBANK1                bssBANK1     000000
__HbssCOMRAM               bssCOMRAM    000000
__Hcinit                   cinit        000000
__Hclrtext                 clrtext      000000
__Hcomram                  comram       000000
__Hconfig                  config       30000E
__Hconst                   const        000000
__HcstackCOMRAM            cstackCOMRAM 000000
__Hdata                    data         000000
__HdataBANK0               dataBANK0    000000
__Heeprom_data             eeprom_data  000000
__Hfarbss                  farbss       000000
__Hfardata                 fardata      000000
__Hheap                    heap         000000
__Hibigdata                ibigdata     000000
__Hidata                   idata        000000
__HidataBANK0              idataBANK0   000000
__Hidloc                   idloc        200008
__Hifardata                ifardata     000000
__Hinit                    init         008000
__Hintcode                 intcode      000008
__Hintcode_body            intcode_body 000000
__Hintcodelo               intcodelo    000018
__Hintentry                intentry     000000
__Hintret                  intret       000000
__Hintsave_regs            intsave_regs 000000
__Hirdata                  irdata       000000
__Hmediumconst             mediumconst  007FFC
__HnvFARRAM                nvFARRAM     000000
__Hnvbit                   nvbit        000000
__Hnvrram                  nvrram       000000
__Hparam                   rparam       000000
__Hpowerup                 powerup      000000
__Hram                     ram          000000
__Hramtop                  ramtop       000800
__Hrbit                    rbit         000000
__Hrbss                    rbss         000000
__Hrdata                   rdata        000000
__Hreset_vec               reset_vec    000004
__Hrparam                  rparam       000000
__Hsfr                     sfr          000000
__Hsivt_hi                 sivt_hi      000000
__Hsivt_lo                 sivt_lo      000018
__Hsmallconst              smallconst   000000
__Hspace_0                 (abs)        008000
__Hspace_1                 (abs)        000150
__Hspace_2                 (abs)        000000
__Hspace_4                 (abs)        60000E
__Hstack                   stack        000000
__Hstruct                  struct       000000
__Htemp                    temp         000000
__Htext                    text         000000
__Htext0                   text0        000000
__Htext1                   text1        000000
__Htext10                  text10       000000
__Htext11                  text11       000000
__Htext12                  text12       000000
__Htext13                  text13       000000
__Htext14                  text14       000000
__Htext15                  text15       000000
__Htext2                   text2        000000
__Htext3                   text3        000000
__Htext4                   text4        000000
__Htext5                   text5        000000
__Htext6                   text6        000000
__Htext7                   text7        000000
__Htext8                   text8        000000
__Htext9                   text9        000000
__LRAM                     (abs)        000001
__L__absolute__            __absolute__ 000000
__Labs1                    abs1         000000
__Lbank0                   bank0        000000
__Lbank1                   bank1        000000
__Lbank2                   bank2        000000
__Lbank3                   bank3        000000
__Lbank4                   bank4        000000
__Lbank5                   bank5        000000
__Lbank6                   bank6        000000
__Lbank7                   bank7        000000
__Lbigbss                  bigbss       000000
__Lbigdata                 bigdata      000000
__Lbigram                  bigram       000000
__Lbigsfr                  bigsfr       000000
__Lbss                     bss          000000
__LbssBANK0                bssBANK0     000000
__LbssBANK1                bssBANK1     000000
__LbssCOMRAM               bssCOMRAM    000000
__Lcinit                   cinit        000000
__Lclrtext                 clrtext      000000
__Lcomram                  comram       000000
__Lconfig                  config       000000
__Lconst                   const        000000
__LcstackCOMRAM            cstackCOMRAM 000000
__Ldata                    data         000000
__LdataBANK0               dataBANK0    000000
__Leeprom_data             eeprom_data  000000
__Lfarbss                  farbss       000000
__Lfardata                 fardata      000000
__Lheap                    heap         000000
__Libigdata                ibigdata     000000
__Lidata                   idata        000000
__LidataBANK0              idataBANK0   000000
__Lidloc                   idloc        000000
__Lifardata                ifardata     000000
__Linit                    init         007FFC
__Lintcode                 intcode      000008
__Lintcode_body            intcode_body 000000
__Lintcodelo               intcodelo    000018
__Lintentry                intentry     000000
__Lintret                  intret       000000
__Lintsave_regs            intsave_regs 000000
__Lirdata                  irdata       000000
__Lmediumconst             mediumconst  007D14
__LnvFARRAM                nvFARRAM     000000
__Lnvbit                   nvbit        000000
__Lnvrram                  nvrram       000000
__Lparam                   rparam       000000
__Lpowerup                 powerup      000000
__Lram                     ram          000000
__Lramtop                  ramtop       000800
__Lrbit                    rbit         000000
__Lrbss                    rbss         000000
__Lrdata                   rdata        000000
__Lreset_vec               reset_vec    000000
__Lrparam                  rparam       000000
__Lsfr                     sfr          000000
__Lsivt_hi                 sivt_hi      000000
__Lsivt_lo                 sivt_lo      000018
__Lsmallconst              smallconst   000000
__Lspace_0                 (abs)        000000
__Lspace_1                 (abs)        000000
__Lspace_2                 (abs)        000000
__Lspace_4                 (abs)        000000
__Lstack                   stack        000000
__Lstruct                  struct       000000
__Ltemp                    temp         000000
__Ltext                    text         000000
__Ltext0                   text0        000000
__Ltext1                   text1        000000
__Ltext10                  text10       000000
__Ltext11                  text11       000000
__Ltext12                  text12       000000
__Ltext13                  text13       000000
__Ltext14                  text14       000000
__Ltext15                  text15       000000
__Ltext2                   text2        000000
__Ltext3                   text3        000000
__Ltext4                   text4        000000
__Ltext5                   text5        000000
__Ltext6                   text6        000000
__Ltext7                   text7        000000
__Ltext8                   text8        000000
__Ltext9                   text9        000000
__S0                       (abs)        008000
__S1                       (abs)        000150
__S4                       (abs)        000000
__S5                       (abs)        000000
___heap_hi                 (abs)        000000
___heap_lo                 (abs)        000000
___inthi_sp                stack        000000
___inthi_stack_hi          stack        000000
___inthi_stack_lo          stack        000000
___intlo_sp                stack        000000
___intlo_stack_hi          stack        000000
___intlo_stack_lo          stack        000000
___param_bank              (abs)        000000
___rparam_used             (abs)        000001
___sp                      stack        000000
___stack_hi                stack        000000
___stack_lo                stack        000000
__accesstop                (abs)        000060
__activetblptr             (abs)        000002
__end_of_ADC_Configuracion text15       00796C
__end_of_CFG_DS1307        text10       007B38
__end_of_CFG_INA219_32V_3A text8        007A42
__end_of_I2C_CFG_REG       text9        007C50
__end_of_I2C_Check         text14       007992
__end_of_I2C_Initialize    text7        0078CA
__end_of_I2C_Start         text13       0078E0
__end_of_I2C_Stop          text12       0078F6
__end_of_I2C_Write_        text11       0079E6
__end_of_OLED_Clear        text4        007A86
__end_of_OLED_Command      text6        00792C
__end_of_OLED_Data         text5        00794A
__end_of_OLED_Init         text3        007D14
__end_of_PWM_Inicializar   text2        0079BA
__end_of_Uart_Init         text1        00790E
__end_of__initialization   cinit        007ACA
__end_of_font5x8           mediumconst  007EF5
__end_of_main              text0        007BA4
__end_of_registros         mediumconst  007FFB
__end_of_sine_table        mediumconst  007FF5
__initialization           cinit        007A86
__mediumconst              mediumconst  007D14
__pbssBANK0                bssBANK0     000060
__pbssBANK1                bssBANK1     000100
__pbssCOMRAM               bssCOMRAM    000001
__pcinit                   cinit        007A86
__pcstackCOMRAM            cstackCOMRAM 00005A
__pdataBANK0               dataBANK0    000097
__pidataBANK0              idataBANK0   0079E7
__pmediumconst             mediumconst  007D14
__ptext0                   text0        007B38
__ptext1                   text1        0078F6
__ptext10                  text10       007AD4
__ptext11                  text11       0079BA
__ptext12                  text12       0078E0
__ptext13                  text13       0078CA
__ptext14                  text14       00796C
__ptext15                  text15       00794A
__ptext2                   text2        007992
__ptext3                   text3        007C50
__ptext4                   text4        007A42
__ptext5                   text5        00792C
__ptext6                   text6        00790E
__ptext7                   text7        0078B6
__ptext8                   text8        007A14
__ptext9                   text9        007BA4
__ramtop                   ramtop       000800
__smallconst               mediumconst  007D14
_ack                       bssCOMRAM    00004C
_buffer_rx                 bssBANK0     000060
_buffer_rx_v               bssBANK1     000100
_byte_0                    bssCOMRAM    00004D
_byte_1                    bssCOMRAM    00004E
_byte_2                    bssCOMRAM    00004F
_byte_3                    bssCOMRAM    000050
_byte_3_h                  bssCOMRAM    000049
_byte_3_t                  bssCOMRAM    00004A
_byte_4                    bssCOMRAM    000051
_byte_5                    bssCOMRAM    000052
_byte_6                    bssCOMRAM    000053
_caracter0_datos           bssBANK0     000074
_caracter0_direccion       dataBANK0    0000BB
_caracter1_datos           dataBANK0    0000A9
_caracter1_direccion       dataBANK0    0000B2
_caracter2_datos           dataBANK0    000097
_caracter2_direccion       dataBANK0    0000A0
_centena                   bssCOMRAM    000040
_contador2                 bssCOMRAM    000059
_contador3                 bssCOMRAM    000058
_dato_adc                  bssCOMRAM    00000D
_dato_adc_l                bssCOMRAM    000034
_dato_adc_mv               bssBANK0     000087
_datoadc                   bssBANK0     000083
_decena                    bssCOMRAM    000041
_decenas                   bssCOMRAM    000048
_decenasH                  bssCOMRAM    000045
_decenasH10                bssCOMRAM    000043
_dosmillar                 bssCOMRAM    00003D
_enable_w                  bssCOMRAM    00004B
_font5x8                   mediumconst  007D15
_hay_cadena                bssCOMRAM    000030
_i                         bssCOMRAM    000032
_index_rx                  bssCOMRAM    000031
_main                      text0        007B38
_millar                    bssCOMRAM    00003F
_nhigh                     bssCOMRAM    000057
_nlow                      bssCOMRAM    000056
_re                        bssCOMRAM    000054
_read_datos                bssBANK0     00007D
_registros                 mediumconst  007FF5
_signo                     bssCOMRAM    00001D
_signo_amp                 bssCOMRAM    00003C
_sine_table                mediumconst  007EF5
_unidad                    bssCOMRAM    000042
_unidades                  bssCOMRAM    000047
_unidadesH                 bssCOMRAM    000044
_unmillar                  bssCOMRAM    00003E
_variableC                 bssCOMRAM    000029
_variableD                 bssCOMRAM    00002B
_variableDM                bssCOMRAM    000023
_variableM                 bssCOMRAM    000027
_variableU                 bssCOMRAM    00002D
_variableUM                bssCOMRAM    000025
end_of_initialization      cinit        007ACA
intlevel0                  text         000000
intlevel1                  text         000000
intlevel2                  text         000000
intlevel3                  text         000000
isa$std                    (abs)        000001
isa$xinst                  (abs)        000000
stackhi                    (abs)        000000
stacklo                    (abs)        000000
start                      init         007FFC
start_initialization       cinit        007A86


MODULE INFORMATION

Module		Function		Class		Link	Load	Size
E:\Mis Proyectos\PCBA_desarrollo_V_2_0\PCBA_desarrollo_V_2_0\drivers\PWM.c
		_PWM_Inicializar		CODE           	7992	0000	40

E:\Mis Proyectos\PCBA_desarrollo_V_2_0\PCBA_desarrollo_V_2_0\drivers\PWM.c estimated size: 40

E:\Mis Proyectos\PCBA_desarrollo_V_2_0\PCBA_desarrollo_V_2_0\drivers\ADC.c
		_ADC_Configuracion		CODE           	794A	0000	34

E:\Mis Proyectos\PCBA_desarrollo_V_2_0\PCBA_desarrollo_V_2_0\drivers\ADC.c estimated size: 34

E:\Mis Proyectos\PCBA_desarrollo_V_2_0\PCBA_desarrollo_V_2_0\devices\DS1307.c
		_CFG_DS1307    		CODE           	7AD4	0000	100

E:\Mis Proyectos\PCBA_desarrollo_V_2_0\PCBA_desarrollo_V_2_0\devices\DS1307.c estimated size: 100

E:\Mis Proyectos\PCBA_desarrollo_V_2_0\PCBA_desarrollo_V_2_0\Display\OLED.c
		_OLED_Clear    		CODE           	7A42	0000	68
		_OLED_Command  		CODE           	790E	0000	30
		_OLED_Init     		CODE           	7C50	0000	196
		_OLED_Data     		CODE           	792C	0000	30

E:\Mis Proyectos\PCBA_desarrollo_V_2_0\PCBA_desarrollo_V_2_0\Display\OLED.c estimated size: 324

E:\Mis Proyectos\PCBA_desarrollo_V_2_0\PCBA_desarrollo_V_2_0\drivers\UART.c
		_Uart_Init     		CODE           	78F6	0000	24

E:\Mis Proyectos\PCBA_desarrollo_V_2_0\PCBA_desarrollo_V_2_0\drivers\UART.c estimated size: 24

shared
		_registros     		MEDIUMCONST    	7FF5	0000	6
		_font5x8       		MEDIUMCONST    	7D15	0000	480
		__initialization		CODE           	7A86	0000	68
		_sine_table    		MEDIUMCONST    	7EF5	0000	256

shared estimated size: 810

E:\Mis Proyectos\PCBA_desarrollo_V_2_0\PCBA_desarrollo_V_2_0\drivers\I2C.c
		_I2C_Write_    		CODE           	79BA	0000	44
		_I2C_CFG_REG   		CODE           	7BA4	0000	172
		_I2C_Stop      		CODE           	78E0	0000	22
		_I2C_Check     		CODE           	796C	0000	38
		_I2C_Initialize		CODE           	78B6	0000	20
		_I2C_Start     		CODE           	78CA	0000	22

E:\Mis Proyectos\PCBA_desarrollo_V_2_0\PCBA_desarrollo_V_2_0\drivers\I2C.c estimated size: 318

E:\Mis Proyectos\PCBA_desarrollo_V_2_0\PCBA_desarrollo_V_2_0\devices\INA219.c
		_CFG_INA219_32V_3A		CODE           	7A14	0000	46

E:\Mis Proyectos\PCBA_desarrollo_V_2_0\PCBA_desarrollo_V_2_0\devices\INA219.c estimated size: 46

E:\Mis Proyectos\PCBA_desarrollo_V_2_0\PCBA_desarrollo_V_2_0\main.c
		_main          		CODE           	7B38	0000	108

E:\Mis Proyectos\PCBA_desarrollo_V_2_0\PCBA_desarrollo_V_2_0\main.c estimated size: 108

